[0.152s] DEBUG:colcon:Command line arguments: ['/usr/bin/colcon', 'build']
[0.152s] DEBUG:colcon:Parsed command line arguments: Namespace(log_base=None, log_level=None, verb_name='build', build_base='build', install_base='install', merge_install=False, symlink_install=False, test_result_base=None, continue_on_error=False, executor='parallel', parallel_workers=16, event_handlers=None, ignore_user_meta=False, metas=['./colcon.meta'], base_paths=['.'], packages_ignore=None, packages_ignore_regex=None, paths=None, packages_up_to=None, packages_up_to_regex=None, packages_above=None, packages_above_and_dependencies=None, packages_above_depth=None, packages_select_by_dep=None, packages_skip_by_dep=None, packages_skip_up_to=None, packages_select_build_failed=False, packages_skip_build_finished=False, packages_select_test_failures=False, packages_skip_test_passed=False, packages_select=None, packages_skip=None, packages_select_regex=None, packages_skip_regex=None, packages_start=None, packages_end=None, allow_overriding=[], cmake_args=None, cmake_target=None, cmake_target_skip_unavailable=False, cmake_clean_cache=False, cmake_clean_first=False, cmake_force_configure=False, ament_cmake_args=None, catkin_cmake_args=None, catkin_skip_building_tests=False, verb_parser=<colcon_defaults.argument_parser.defaults.DefaultArgumentsDecorator object at 0x7e0286e61820>, verb_extension=<colcon_core.verb.build.BuildVerb object at 0x7e0286e61700>, main=<bound method BuildVerb.main of <colcon_core.verb.build.BuildVerb object at 0x7e0286e61700>>)
[0.221s] Level 1:colcon.colcon_core.package_discovery:discover_packages(colcon_meta) check parameters
[0.221s] Level 1:colcon.colcon_core.package_discovery:discover_packages(recursive) check parameters
[0.221s] Level 1:colcon.colcon_core.package_discovery:discover_packages(ignore) check parameters
[0.221s] Level 1:colcon.colcon_core.package_discovery:discover_packages(path) check parameters
[0.221s] Level 1:colcon.colcon_core.package_discovery:discover_packages(colcon_meta) discover
[0.221s] Level 1:colcon.colcon_core.package_discovery:discover_packages(recursive) discover
[0.221s] INFO:colcon.colcon_core.package_discovery:Crawling recursively for packages in '/home/tunahan/sancak_ws'
[0.221s] Level 1:colcon.colcon_core.package_identification:_identify(.) by extensions ['ignore', 'ignore_ament_install']
[0.222s] Level 1:colcon.colcon_core.package_identification:_identify(.) by extension 'ignore'
[0.222s] Level 1:colcon.colcon_core.package_identification:_identify(.) by extension 'ignore_ament_install'
[0.222s] Level 1:colcon.colcon_core.package_identification:_identify(.) by extensions ['colcon_pkg']
[0.222s] Level 1:colcon.colcon_core.package_identification:_identify(.) by extension 'colcon_pkg'
[0.222s] Level 1:colcon.colcon_core.package_identification:_identify(.) by extensions ['colcon_meta']
[0.222s] Level 1:colcon.colcon_core.package_identification:_identify(.) by extension 'colcon_meta'
[0.222s] Level 1:colcon.colcon_core.package_identification:_identify(.) by extensions ['ros']
[0.222s] Level 1:colcon.colcon_core.package_identification:_identify(.) by extension 'ros'
[0.241s] Level 1:colcon.colcon_core.package_identification:_identify(.) by extensions ['cmake', 'python']
[0.241s] Level 1:colcon.colcon_core.package_identification:_identify(.) by extension 'cmake'
[0.241s] Level 1:colcon.colcon_core.package_identification:_identify(.) by extension 'python'
[0.241s] Level 1:colcon.colcon_core.package_identification:_identify(.) by extensions ['python_setup_py']
[0.241s] Level 1:colcon.colcon_core.package_identification:_identify(.) by extension 'python_setup_py'
[0.242s] Level 1:colcon.colcon_core.package_identification:_identify(build) by extensions ['ignore', 'ignore_ament_install']
[0.242s] Level 1:colcon.colcon_core.package_identification:_identify(build) by extension 'ignore'
[0.242s] Level 1:colcon.colcon_core.package_identification:_identify(build) ignored
[0.242s] Level 1:colcon.colcon_core.package_identification:_identify(config) by extensions ['ignore', 'ignore_ament_install']
[0.242s] Level 1:colcon.colcon_core.package_identification:_identify(config) by extension 'ignore'
[0.242s] Level 1:colcon.colcon_core.package_identification:_identify(config) by extension 'ignore_ament_install'
[0.242s] Level 1:colcon.colcon_core.package_identification:_identify(config) by extensions ['colcon_pkg']
[0.242s] Level 1:colcon.colcon_core.package_identification:_identify(config) by extension 'colcon_pkg'
[0.242s] Level 1:colcon.colcon_core.package_identification:_identify(config) by extensions ['colcon_meta']
[0.242s] Level 1:colcon.colcon_core.package_identification:_identify(config) by extension 'colcon_meta'
[0.242s] Level 1:colcon.colcon_core.package_identification:_identify(config) by extensions ['ros']
[0.242s] Level 1:colcon.colcon_core.package_identification:_identify(config) by extension 'ros'
[0.242s] Level 1:colcon.colcon_core.package_identification:_identify(config) by extensions ['cmake', 'python']
[0.242s] Level 1:colcon.colcon_core.package_identification:_identify(config) by extension 'cmake'
[0.242s] Level 1:colcon.colcon_core.package_identification:_identify(config) by extension 'python'
[0.242s] Level 1:colcon.colcon_core.package_identification:_identify(config) by extensions ['python_setup_py']
[0.242s] Level 1:colcon.colcon_core.package_identification:_identify(config) by extension 'python_setup_py'
[0.242s] Level 1:colcon.colcon_core.package_identification:_identify(install) by extensions ['ignore', 'ignore_ament_install']
[0.242s] Level 1:colcon.colcon_core.package_identification:_identify(install) by extension 'ignore'
[0.242s] Level 1:colcon.colcon_core.package_identification:_identify(install) ignored
[0.242s] Level 1:colcon.colcon_core.package_identification:_identify(log) by extensions ['ignore', 'ignore_ament_install']
[0.242s] Level 1:colcon.colcon_core.package_identification:_identify(log) by extension 'ignore'
[0.242s] Level 1:colcon.colcon_core.package_identification:_identify(log) ignored
[0.243s] Level 1:colcon.colcon_core.package_identification:_identify(logs) by extensions ['ignore', 'ignore_ament_install']
[0.243s] Level 1:colcon.colcon_core.package_identification:_identify(logs) by extension 'ignore'
[0.243s] Level 1:colcon.colcon_core.package_identification:_identify(logs) by extension 'ignore_ament_install'
[0.243s] Level 1:colcon.colcon_core.package_identification:_identify(logs) by extensions ['colcon_pkg']
[0.243s] Level 1:colcon.colcon_core.package_identification:_identify(logs) by extension 'colcon_pkg'
[0.243s] Level 1:colcon.colcon_core.package_identification:_identify(logs) by extensions ['colcon_meta']
[0.243s] Level 1:colcon.colcon_core.package_identification:_identify(logs) by extension 'colcon_meta'
[0.243s] Level 1:colcon.colcon_core.package_identification:_identify(logs) by extensions ['ros']
[0.243s] Level 1:colcon.colcon_core.package_identification:_identify(logs) by extension 'ros'
[0.243s] Level 1:colcon.colcon_core.package_identification:_identify(logs) by extensions ['cmake', 'python']
[0.243s] Level 1:colcon.colcon_core.package_identification:_identify(logs) by extension 'cmake'
[0.243s] Level 1:colcon.colcon_core.package_identification:_identify(logs) by extension 'python'
[0.243s] Level 1:colcon.colcon_core.package_identification:_identify(logs) by extensions ['python_setup_py']
[0.243s] Level 1:colcon.colcon_core.package_identification:_identify(logs) by extension 'python_setup_py'
[0.243s] Level 1:colcon.colcon_core.package_identification:_identify(models) by extensions ['ignore', 'ignore_ament_install']
[0.243s] Level 1:colcon.colcon_core.package_identification:_identify(models) by extension 'ignore'
[0.243s] Level 1:colcon.colcon_core.package_identification:_identify(models) by extension 'ignore_ament_install'
[0.243s] Level 1:colcon.colcon_core.package_identification:_identify(models) by extensions ['colcon_pkg']
[0.243s] Level 1:colcon.colcon_core.package_identification:_identify(models) by extension 'colcon_pkg'
[0.243s] Level 1:colcon.colcon_core.package_identification:_identify(models) by extensions ['colcon_meta']
[0.243s] Level 1:colcon.colcon_core.package_identification:_identify(models) by extension 'colcon_meta'
[0.243s] Level 1:colcon.colcon_core.package_identification:_identify(models) by extensions ['ros']
[0.243s] Level 1:colcon.colcon_core.package_identification:_identify(models) by extension 'ros'
[0.243s] Level 1:colcon.colcon_core.package_identification:_identify(models) by extensions ['cmake', 'python']
[0.243s] Level 1:colcon.colcon_core.package_identification:_identify(models) by extension 'cmake'
[0.243s] Level 1:colcon.colcon_core.package_identification:_identify(models) by extension 'python'
[0.243s] Level 1:colcon.colcon_core.package_identification:_identify(models) by extensions ['python_setup_py']
[0.243s] Level 1:colcon.colcon_core.package_identification:_identify(models) by extension 'python_setup_py'
[0.243s] Level 1:colcon.colcon_core.package_identification:_identify(scripts) by extensions ['ignore', 'ignore_ament_install']
[0.243s] Level 1:colcon.colcon_core.package_identification:_identify(scripts) by extension 'ignore'
[0.243s] Level 1:colcon.colcon_core.package_identification:_identify(scripts) by extension 'ignore_ament_install'
[0.243s] Level 1:colcon.colcon_core.package_identification:_identify(scripts) by extensions ['colcon_pkg']
[0.243s] Level 1:colcon.colcon_core.package_identification:_identify(scripts) by extension 'colcon_pkg'
[0.244s] Level 1:colcon.colcon_core.package_identification:_identify(scripts) by extensions ['colcon_meta']
[0.244s] Level 1:colcon.colcon_core.package_identification:_identify(scripts) by extension 'colcon_meta'
[0.244s] Level 1:colcon.colcon_core.package_identification:_identify(scripts) by extensions ['ros']
[0.244s] Level 1:colcon.colcon_core.package_identification:_identify(scripts) by extension 'ros'
[0.244s] Level 1:colcon.colcon_core.package_identification:_identify(scripts) by extensions ['cmake', 'python']
[0.244s] Level 1:colcon.colcon_core.package_identification:_identify(scripts) by extension 'cmake'
[0.244s] Level 1:colcon.colcon_core.package_identification:_identify(scripts) by extension 'python'
[0.244s] Level 1:colcon.colcon_core.package_identification:_identify(scripts) by extensions ['python_setup_py']
[0.244s] Level 1:colcon.colcon_core.package_identification:_identify(scripts) by extension 'python_setup_py'
[0.244s] Level 1:colcon.colcon_core.package_identification:_identify(src) by extensions ['ignore', 'ignore_ament_install']
[0.244s] Level 1:colcon.colcon_core.package_identification:_identify(src) by extension 'ignore'
[0.244s] Level 1:colcon.colcon_core.package_identification:_identify(src) by extension 'ignore_ament_install'
[0.244s] Level 1:colcon.colcon_core.package_identification:_identify(src) by extensions ['colcon_pkg']
[0.244s] Level 1:colcon.colcon_core.package_identification:_identify(src) by extension 'colcon_pkg'
[0.244s] Level 1:colcon.colcon_core.package_identification:_identify(src) by extensions ['colcon_meta']
[0.244s] Level 1:colcon.colcon_core.package_identification:_identify(src) by extension 'colcon_meta'
[0.244s] Level 1:colcon.colcon_core.package_identification:_identify(src) by extensions ['ros']
[0.244s] Level 1:colcon.colcon_core.package_identification:_identify(src) by extension 'ros'
[0.244s] Level 1:colcon.colcon_core.package_identification:_identify(src) by extensions ['cmake', 'python']
[0.244s] Level 1:colcon.colcon_core.package_identification:_identify(src) by extension 'cmake'
[0.244s] Level 1:colcon.colcon_core.package_identification:_identify(src) by extension 'python'
[0.244s] Level 1:colcon.colcon_core.package_identification:_identify(src) by extensions ['python_setup_py']
[0.244s] Level 1:colcon.colcon_core.package_identification:_identify(src) by extension 'python_setup_py'
[0.244s] Level 1:colcon.colcon_core.package_identification:_identify(src/sancak_bringup) by extensions ['ignore', 'ignore_ament_install']
[0.244s] Level 1:colcon.colcon_core.package_identification:_identify(src/sancak_bringup) by extension 'ignore'
[0.244s] Level 1:colcon.colcon_core.package_identification:_identify(src/sancak_bringup) by extension 'ignore_ament_install'
[0.244s] Level 1:colcon.colcon_core.package_identification:_identify(src/sancak_bringup) by extensions ['colcon_pkg']
[0.244s] Level 1:colcon.colcon_core.package_identification:_identify(src/sancak_bringup) by extension 'colcon_pkg'
[0.244s] Level 1:colcon.colcon_core.package_identification:_identify(src/sancak_bringup) by extensions ['colcon_meta']
[0.244s] Level 1:colcon.colcon_core.package_identification:_identify(src/sancak_bringup) by extension 'colcon_meta'
[0.245s] Level 1:colcon.colcon_core.package_identification:_identify(src/sancak_bringup) by extensions ['ros']
[0.245s] Level 1:colcon.colcon_core.package_identification:_identify(src/sancak_bringup) by extension 'ros'
[0.249s] DEBUG:colcon.colcon_core.package_identification:Package 'src/sancak_bringup' with type 'ros.ament_python' and name 'sancak_bringup'
[0.249s] Level 1:colcon.colcon_core.package_identification:_identify(src/sancak_interfaces) by extensions ['ignore', 'ignore_ament_install']
[0.249s] Level 1:colcon.colcon_core.package_identification:_identify(src/sancak_interfaces) by extension 'ignore'
[0.249s] Level 1:colcon.colcon_core.package_identification:_identify(src/sancak_interfaces) by extension 'ignore_ament_install'
[0.249s] Level 1:colcon.colcon_core.package_identification:_identify(src/sancak_interfaces) by extensions ['colcon_pkg']
[0.249s] Level 1:colcon.colcon_core.package_identification:_identify(src/sancak_interfaces) by extension 'colcon_pkg'
[0.249s] Level 1:colcon.colcon_core.package_identification:_identify(src/sancak_interfaces) by extensions ['colcon_meta']
[0.249s] Level 1:colcon.colcon_core.package_identification:_identify(src/sancak_interfaces) by extension 'colcon_meta'
[0.249s] Level 1:colcon.colcon_core.package_identification:_identify(src/sancak_interfaces) by extensions ['ros']
[0.249s] Level 1:colcon.colcon_core.package_identification:_identify(src/sancak_interfaces) by extension 'ros'
[0.249s] DEBUG:colcon.colcon_core.package_identification:Package 'src/sancak_interfaces' with type 'ros.ament_cmake' and name 'sancak_interfaces'
[0.250s] Level 1:colcon.colcon_core.package_identification:_identify(src/sancak_simulation) by extensions ['ignore', 'ignore_ament_install']
[0.250s] Level 1:colcon.colcon_core.package_identification:_identify(src/sancak_simulation) by extension 'ignore'
[0.250s] Level 1:colcon.colcon_core.package_identification:_identify(src/sancak_simulation) by extension 'ignore_ament_install'
[0.250s] Level 1:colcon.colcon_core.package_identification:_identify(src/sancak_simulation) by extensions ['colcon_pkg']
[0.250s] Level 1:colcon.colcon_core.package_identification:_identify(src/sancak_simulation) by extension 'colcon_pkg'
[0.250s] Level 1:colcon.colcon_core.package_identification:_identify(src/sancak_simulation) by extensions ['colcon_meta']
[0.250s] Level 1:colcon.colcon_core.package_identification:_identify(src/sancak_simulation) by extension 'colcon_meta'
[0.250s] Level 1:colcon.colcon_core.package_identification:_identify(src/sancak_simulation) by extensions ['ros']
[0.250s] Level 1:colcon.colcon_core.package_identification:_identify(src/sancak_simulation) by extension 'ros'
[0.250s] DEBUG:colcon.colcon_core.package_identification:Package 'src/sancak_simulation' with type 'ros.ament_python' and name 'sancak_simulation'
[0.250s] Level 1:colcon.colcon_core.package_identification:_identify(ui) by extensions ['ignore', 'ignore_ament_install']
[0.250s] Level 1:colcon.colcon_core.package_identification:_identify(ui) by extension 'ignore'
[0.250s] Level 1:colcon.colcon_core.package_identification:_identify(ui) by extension 'ignore_ament_install'
[0.250s] Level 1:colcon.colcon_core.package_identification:_identify(ui) by extensions ['colcon_pkg']
[0.250s] Level 1:colcon.colcon_core.package_identification:_identify(ui) by extension 'colcon_pkg'
[0.250s] Level 1:colcon.colcon_core.package_identification:_identify(ui) by extensions ['colcon_meta']
[0.250s] Level 1:colcon.colcon_core.package_identification:_identify(ui) by extension 'colcon_meta'
[0.250s] Level 1:colcon.colcon_core.package_identification:_identify(ui) by extensions ['ros']
[0.250s] Level 1:colcon.colcon_core.package_identification:_identify(ui) by extension 'ros'
[0.251s] Level 1:colcon.colcon_core.package_identification:_identify(ui) by extensions ['cmake', 'python']
[0.251s] Level 1:colcon.colcon_core.package_identification:_identify(ui) by extension 'cmake'
[0.251s] Level 1:colcon.colcon_core.package_identification:_identify(ui) by extension 'python'
[0.251s] Level 1:colcon.colcon_core.package_identification:_identify(ui) by extensions ['python_setup_py']
[0.251s] Level 1:colcon.colcon_core.package_identification:_identify(ui) by extension 'python_setup_py'
[0.251s] Level 1:colcon.colcon_core.package_identification:_identify(worlds) by extensions ['ignore', 'ignore_ament_install']
[0.251s] Level 1:colcon.colcon_core.package_identification:_identify(worlds) by extension 'ignore'
[0.251s] Level 1:colcon.colcon_core.package_identification:_identify(worlds) by extension 'ignore_ament_install'
[0.251s] Level 1:colcon.colcon_core.package_identification:_identify(worlds) by extensions ['colcon_pkg']
[0.251s] Level 1:colcon.colcon_core.package_identification:_identify(worlds) by extension 'colcon_pkg'
[0.251s] Level 1:colcon.colcon_core.package_identification:_identify(worlds) by extensions ['colcon_meta']
[0.251s] Level 1:colcon.colcon_core.package_identification:_identify(worlds) by extension 'colcon_meta'
[0.251s] Level 1:colcon.colcon_core.package_identification:_identify(worlds) by extensions ['ros']
[0.251s] Level 1:colcon.colcon_core.package_identification:_identify(worlds) by extension 'ros'
[0.251s] Level 1:colcon.colcon_core.package_identification:_identify(worlds) by extensions ['cmake', 'python']
[0.251s] Level 1:colcon.colcon_core.package_identification:_identify(worlds) by extension 'cmake'
[0.251s] Level 1:colcon.colcon_core.package_identification:_identify(worlds) by extension 'python'
[0.251s] Level 1:colcon.colcon_core.package_identification:_identify(worlds) by extensions ['python_setup_py']
[0.251s] Level 1:colcon.colcon_core.package_identification:_identify(worlds) by extension 'python_setup_py'
[0.251s] Level 1:colcon.colcon_core.package_discovery:discover_packages(recursive) using defaults
[0.251s] Level 1:colcon.colcon_core.package_discovery:discover_packages(ignore) discover
[0.251s] Level 1:colcon.colcon_core.package_discovery:discover_packages(ignore) using defaults
[0.251s] Level 1:colcon.colcon_core.package_discovery:discover_packages(path) discover
[0.251s] Level 1:colcon.colcon_core.package_discovery:discover_packages(path) using defaults
[0.278s] Level 1:colcon.colcon_core.package_discovery:discover_packages(prefix_path) check parameters
[0.278s] Level 1:colcon.colcon_core.package_discovery:discover_packages(prefix_path) discover
[0.283s] DEBUG:colcon.colcon_installed_package_information.package_discovery:Found 319 installed packages in /opt/ros/jazzy
[0.284s] Level 1:colcon.colcon_core.package_discovery:discover_packages(prefix_path) using defaults
[0.384s] Level 5:colcon.colcon_core.verb:set package 'sancak_bringup' build argument 'cmake_args' from command line to 'None'
[0.384s] Level 5:colcon.colcon_core.verb:set package 'sancak_bringup' build argument 'cmake_target' from command line to 'None'
[0.384s] Level 5:colcon.colcon_core.verb:set package 'sancak_bringup' build argument 'cmake_target_skip_unavailable' from command line to 'False'
[0.384s] Level 5:colcon.colcon_core.verb:set package 'sancak_bringup' build argument 'cmake_clean_cache' from command line to 'False'
[0.384s] Level 5:colcon.colcon_core.verb:set package 'sancak_bringup' build argument 'cmake_clean_first' from command line to 'False'
[0.384s] Level 5:colcon.colcon_core.verb:set package 'sancak_bringup' build argument 'cmake_force_configure' from command line to 'False'
[0.384s] Level 5:colcon.colcon_core.verb:set package 'sancak_bringup' build argument 'ament_cmake_args' from command line to 'None'
[0.384s] Level 5:colcon.colcon_core.verb:set package 'sancak_bringup' build argument 'catkin_cmake_args' from command line to 'None'
[0.384s] Level 5:colcon.colcon_core.verb:set package 'sancak_bringup' build argument 'catkin_skip_building_tests' from command line to 'False'
[0.384s] DEBUG:colcon.colcon_core.verb:Building package 'sancak_bringup' with the following arguments: {'ament_cmake_args': None, 'build_base': '/home/tunahan/sancak_ws/build/sancak_bringup', 'catkin_cmake_args': None, 'catkin_skip_building_tests': False, 'cmake_args': None, 'cmake_clean_cache': False, 'cmake_clean_first': False, 'cmake_force_configure': False, 'cmake_target': None, 'cmake_target_skip_unavailable': False, 'install_base': '/home/tunahan/sancak_ws/install/sancak_bringup', 'merge_install': False, 'path': '/home/tunahan/sancak_ws/src/sancak_bringup', 'symlink_install': False, 'test_result_base': None}
[0.385s] Level 5:colcon.colcon_core.verb:set package 'sancak_interfaces' build argument 'cmake_args' from command line to 'None'
[0.385s] Level 5:colcon.colcon_core.verb:set package 'sancak_interfaces' build argument 'cmake_target' from command line to 'None'
[0.385s] Level 5:colcon.colcon_core.verb:set package 'sancak_interfaces' build argument 'cmake_target_skip_unavailable' from command line to 'False'
[0.385s] Level 5:colcon.colcon_core.verb:set package 'sancak_interfaces' build argument 'cmake_clean_cache' from command line to 'False'
[0.385s] Level 5:colcon.colcon_core.verb:set package 'sancak_interfaces' build argument 'cmake_clean_first' from command line to 'False'
[0.385s] Level 5:colcon.colcon_core.verb:set package 'sancak_interfaces' build argument 'cmake_force_configure' from command line to 'False'
[0.385s] Level 5:colcon.colcon_core.verb:set package 'sancak_interfaces' build argument 'ament_cmake_args' from command line to 'None'
[0.385s] Level 5:colcon.colcon_core.verb:set package 'sancak_interfaces' build argument 'catkin_cmake_args' from command line to 'None'
[0.385s] Level 5:colcon.colcon_core.verb:set package 'sancak_interfaces' build argument 'catkin_skip_building_tests' from command line to 'False'
[0.385s] DEBUG:colcon.colcon_core.verb:Building package 'sancak_interfaces' with the following arguments: {'ament_cmake_args': None, 'build_base': '/home/tunahan/sancak_ws/build/sancak_interfaces', 'catkin_cmake_args': None, 'catkin_skip_building_tests': False, 'cmake_args': None, 'cmake_clean_cache': False, 'cmake_clean_first': False, 'cmake_force_configure': False, 'cmake_target': None, 'cmake_target_skip_unavailable': False, 'install_base': '/home/tunahan/sancak_ws/install/sancak_interfaces', 'merge_install': False, 'path': '/home/tunahan/sancak_ws/src/sancak_interfaces', 'symlink_install': False, 'test_result_base': None}
[0.385s] Level 5:colcon.colcon_core.verb:set package 'sancak_simulation' build argument 'cmake_args' from command line to 'None'
[0.385s] Level 5:colcon.colcon_core.verb:set package 'sancak_simulation' build argument 'cmake_target' from command line to 'None'
[0.385s] Level 5:colcon.colcon_core.verb:set package 'sancak_simulation' build argument 'cmake_target_skip_unavailable' from command line to 'False'
[0.385s] Level 5:colcon.colcon_core.verb:set package 'sancak_simulation' build argument 'cmake_clean_cache' from command line to 'False'
[0.385s] Level 5:colcon.colcon_core.verb:set package 'sancak_simulation' build argument 'cmake_clean_first' from command line to 'False'
[0.385s] Level 5:colcon.colcon_core.verb:set package 'sancak_simulation' build argument 'cmake_force_configure' from command line to 'False'
[0.385s] Level 5:colcon.colcon_core.verb:set package 'sancak_simulation' build argument 'ament_cmake_args' from command line to 'None'
[0.385s] Level 5:colcon.colcon_core.verb:set package 'sancak_simulation' build argument 'catkin_cmake_args' from command line to 'None'
[0.385s] Level 5:colcon.colcon_core.verb:set package 'sancak_simulation' build argument 'catkin_skip_building_tests' from command line to 'False'
[0.385s] DEBUG:colcon.colcon_core.verb:Building package 'sancak_simulation' with the following arguments: {'ament_cmake_args': None, 'build_base': '/home/tunahan/sancak_ws/build/sancak_simulation', 'catkin_cmake_args': None, 'catkin_skip_building_tests': False, 'cmake_args': None, 'cmake_clean_cache': False, 'cmake_clean_first': False, 'cmake_force_configure': False, 'cmake_target': None, 'cmake_target_skip_unavailable': False, 'install_base': '/home/tunahan/sancak_ws/install/sancak_simulation', 'merge_install': False, 'path': '/home/tunahan/sancak_ws/src/sancak_simulation', 'symlink_install': False, 'test_result_base': None}
[0.385s] INFO:colcon.colcon_core.executor:Executing jobs using 'parallel' executor
[0.386s] DEBUG:colcon.colcon_parallel_executor.executor.parallel:run_until_complete
[0.386s] INFO:colcon.colcon_ros.task.ament_python.build:Building ROS package in '/home/tunahan/sancak_ws/src/sancak_bringup' with build type 'ament_python'
[0.386s] Level 1:colcon.colcon_core.shell:create_environment_hook('sancak_bringup', 'ament_prefix_path')
[0.392s] INFO:colcon.colcon_core.plugin_system:Skipping extension 'colcon_core.shell.bat': Not used on non-Windows systems
[0.392s] INFO:colcon.colcon_core.shell:Creating environment hook '/home/tunahan/sancak_ws/install/sancak_bringup/share/sancak_bringup/hook/ament_prefix_path.ps1'
[0.394s] INFO:colcon.colcon_core.shell:Creating environment descriptor '/home/tunahan/sancak_ws/install/sancak_bringup/share/sancak_bringup/hook/ament_prefix_path.dsv'
[0.395s] INFO:colcon.colcon_core.shell:Creating environment hook '/home/tunahan/sancak_ws/install/sancak_bringup/share/sancak_bringup/hook/ament_prefix_path.sh'
[0.396s] INFO:colcon.colcon_core.shell:Skip shell extension 'powershell' for command environment: Not usable outside of PowerShell
[0.396s] DEBUG:colcon.colcon_core.shell:Skip shell extension 'dsv' for command environment
[0.400s] INFO:colcon.colcon_ros.task.ament_cmake.build:Building ROS package in '/home/tunahan/sancak_ws/src/sancak_interfaces' with build type 'ament_cmake'
[0.400s] INFO:colcon.colcon_cmake.task.cmake.build:Building CMake package in '/home/tunahan/sancak_ws/src/sancak_interfaces'
[0.400s] INFO:colcon.colcon_core.shell:Skip shell extension 'powershell' for command environment: Not usable outside of PowerShell
[0.400s] DEBUG:colcon.colcon_core.shell:Skip shell extension 'dsv' for command environment
[0.404s] INFO:colcon.colcon_ros.task.ament_python.build:Building ROS package in '/home/tunahan/sancak_ws/src/sancak_simulation' with build type 'ament_python'
[0.404s] Level 1:colcon.colcon_core.shell:create_environment_hook('sancak_simulation', 'ament_prefix_path')
[0.405s] INFO:colcon.colcon_core.shell:Creating environment hook '/home/tunahan/sancak_ws/install/sancak_simulation/share/sancak_simulation/hook/ament_prefix_path.ps1'
[0.405s] INFO:colcon.colcon_core.shell:Creating environment descriptor '/home/tunahan/sancak_ws/install/sancak_simulation/share/sancak_simulation/hook/ament_prefix_path.dsv'
[0.405s] INFO:colcon.colcon_core.shell:Creating environment hook '/home/tunahan/sancak_ws/install/sancak_simulation/share/sancak_simulation/hook/ament_prefix_path.sh'
[0.405s] INFO:colcon.colcon_core.shell:Skip shell extension 'powershell' for command environment: Not usable outside of PowerShell
[0.406s] DEBUG:colcon.colcon_core.shell:Skip shell extension 'dsv' for command environment
[0.558s] INFO:colcon.colcon_core.task.python.build:Building Python package in '/home/tunahan/sancak_ws/src/sancak_bringup'
[0.558s] INFO:colcon.colcon_core.shell:Skip shell extension 'powershell' for command environment: Not usable outside of PowerShell
[0.558s] DEBUG:colcon.colcon_core.shell:Skip shell extension 'dsv' for command environment
[0.562s] DEBUG:colcon.colcon_core.event_handler.log_command:Invoking command in '/home/tunahan/sancak_ws/build/sancak_interfaces': CMAKE_PREFIX_PATH=${CMAKE_PREFIX_PATH}:/opt/ros/jazzy DEBUGINFOD_URLS=https://debuginfod.ubuntu.com /usr/bin/cmake /home/tunahan/sancak_ws/src/sancak_interfaces -DCMAKE_INSTALL_PREFIX=/home/tunahan/sancak_ws/install/sancak_interfaces
[0.747s] INFO:colcon.colcon_core.task.python.build:Building Python package in '/home/tunahan/sancak_ws/src/sancak_simulation'
[0.747s] INFO:colcon.colcon_core.shell:Skip shell extension 'powershell' for command environment: Not usable outside of PowerShell
[0.747s] DEBUG:colcon.colcon_core.shell:Skip shell extension 'dsv' for command environment
[1.332s] DEBUG:colcon.colcon_core.event_handler.log_command:Invoked command in '/home/tunahan/sancak_ws/build/sancak_interfaces' returned '0': CMAKE_PREFIX_PATH=${CMAKE_PREFIX_PATH}:/opt/ros/jazzy DEBUGINFOD_URLS=https://debuginfod.ubuntu.com /usr/bin/cmake /home/tunahan/sancak_ws/src/sancak_interfaces -DCMAKE_INSTALL_PREFIX=/home/tunahan/sancak_ws/install/sancak_interfaces
[1.333s] DEBUG:colcon.colcon_core.event_handler.log_command:Invoking command in '/home/tunahan/sancak_ws/build/sancak_interfaces': CMAKE_PREFIX_PATH=${CMAKE_PREFIX_PATH}:/opt/ros/jazzy DEBUGINFOD_URLS=https://debuginfod.ubuntu.com /usr/bin/cmake --build /home/tunahan/sancak_ws/build/sancak_interfaces -- -j16 -l16
[1.369s] DEBUG:colcon.colcon_core.event_handler.log_command:Invoked command in '/home/tunahan/sancak_ws/build/sancak_interfaces' returned '0': CMAKE_PREFIX_PATH=${CMAKE_PREFIX_PATH}:/opt/ros/jazzy DEBUGINFOD_URLS=https://debuginfod.ubuntu.com /usr/bin/cmake --build /home/tunahan/sancak_ws/build/sancak_interfaces -- -j16 -l16
[1.379s] DEBUG:colcon.colcon_core.event_handler.log_command:Invoking command in '/home/tunahan/sancak_ws/build/sancak_interfaces': CMAKE_PREFIX_PATH=${CMAKE_PREFIX_PATH}:/opt/ros/jazzy DEBUGINFOD_URLS=https://debuginfod.ubuntu.com /usr/bin/cmake --install /home/tunahan/sancak_ws/build/sancak_interfaces
[1.388s] Level 1:colcon.colcon_core.environment:create_environment_scripts_only(sancak_interfaces)
[1.389s] DEBUG:colcon.colcon_core.event_handler.log_command:Invoked command in '/home/tunahan/sancak_ws/build/sancak_interfaces' returned '0': CMAKE_PREFIX_PATH=${CMAKE_PREFIX_PATH}:/opt/ros/jazzy DEBUGINFOD_URLS=https://debuginfod.ubuntu.com /usr/bin/cmake --install /home/tunahan/sancak_ws/build/sancak_interfaces
[1.394s] Level 1:colcon.colcon_core.environment:checking '/home/tunahan/sancak_ws/install/sancak_interfaces' for CMake module files
[1.395s] Level 1:colcon.colcon_core.environment:checking '/home/tunahan/sancak_ws/install/sancak_interfaces' for CMake config files
[1.395s] Level 1:colcon.colcon_core.shell:create_environment_hook('sancak_interfaces', 'cmake_prefix_path')
[1.395s] INFO:colcon.colcon_core.shell:Creating environment hook '/home/tunahan/sancak_ws/install/sancak_interfaces/share/sancak_interfaces/hook/cmake_prefix_path.ps1'
[1.396s] INFO:colcon.colcon_core.shell:Creating environment descriptor '/home/tunahan/sancak_ws/install/sancak_interfaces/share/sancak_interfaces/hook/cmake_prefix_path.dsv'
[1.396s] INFO:colcon.colcon_core.shell:Creating environment hook '/home/tunahan/sancak_ws/install/sancak_interfaces/share/sancak_interfaces/hook/cmake_prefix_path.sh'
[1.397s] Level 1:colcon.colcon_core.environment:checking '/home/tunahan/sancak_ws/install/sancak_interfaces/bin'
[1.397s] Level 1:colcon.colcon_core.environment:checking '/home/tunahan/sancak_ws/install/sancak_interfaces/lib/pkgconfig/sancak_interfaces.pc'
[1.397s] Level 1:colcon.colcon_core.environment:checking '/home/tunahan/sancak_ws/install/sancak_interfaces/lib/python3.12/site-packages'
[1.397s] Level 1:colcon.colcon_core.environment:checking '/home/tunahan/sancak_ws/install/sancak_interfaces/bin'
[1.397s] INFO:colcon.colcon_core.shell:Creating package script '/home/tunahan/sancak_ws/install/sancak_interfaces/share/sancak_interfaces/package.ps1'
[1.399s] INFO:colcon.colcon_core.shell:Creating package descriptor '/home/tunahan/sancak_ws/install/sancak_interfaces/share/sancak_interfaces/package.dsv'
[1.400s] INFO:colcon.colcon_core.shell:Creating package script '/home/tunahan/sancak_ws/install/sancak_interfaces/share/sancak_interfaces/package.sh'
[1.400s] INFO:colcon.colcon_core.shell:Creating package script '/home/tunahan/sancak_ws/install/sancak_interfaces/share/sancak_interfaces/package.bash'
[1.401s] INFO:colcon.colcon_core.shell:Creating package script '/home/tunahan/sancak_ws/install/sancak_interfaces/share/sancak_interfaces/package.zsh'
[1.402s] Level 1:colcon.colcon_core.environment:create_file_with_runtime_dependencies(/home/tunahan/sancak_ws/install/sancak_interfaces/share/colcon-core/packages/sancak_interfaces)
[1.402s] Level 1:colcon.colcon_core.environment:create_environment_scripts_only(sancak_interfaces)
[1.403s] Level 1:colcon.colcon_core.environment:checking '/home/tunahan/sancak_ws/install/sancak_interfaces' for CMake module files
[1.403s] Level 1:colcon.colcon_core.environment:checking '/home/tunahan/sancak_ws/install/sancak_interfaces' for CMake config files
[1.403s] Level 1:colcon.colcon_core.shell:create_environment_hook('sancak_interfaces', 'cmake_prefix_path')
[1.403s] INFO:colcon.colcon_core.shell:Creating environment hook '/home/tunahan/sancak_ws/install/sancak_interfaces/share/sancak_interfaces/hook/cmake_prefix_path.ps1'
[1.404s] INFO:colcon.colcon_core.shell:Creating environment descriptor '/home/tunahan/sancak_ws/install/sancak_interfaces/share/sancak_interfaces/hook/cmake_prefix_path.dsv'
[1.404s] INFO:colcon.colcon_core.shell:Creating environment hook '/home/tunahan/sancak_ws/install/sancak_interfaces/share/sancak_interfaces/hook/cmake_prefix_path.sh'
[1.405s] Level 1:colcon.colcon_core.environment:checking '/home/tunahan/sancak_ws/install/sancak_interfaces/bin'
[1.405s] Level 1:colcon.colcon_core.environment:checking '/home/tunahan/sancak_ws/install/sancak_interfaces/lib/pkgconfig/sancak_interfaces.pc'
[1.405s] Level 1:colcon.colcon_core.environment:checking '/home/tunahan/sancak_ws/install/sancak_interfaces/lib/python3.12/site-packages'
[1.405s] Level 1:colcon.colcon_core.environment:checking '/home/tunahan/sancak_ws/install/sancak_interfaces/bin'
[1.405s] INFO:colcon.colcon_core.shell:Creating package script '/home/tunahan/sancak_ws/install/sancak_interfaces/share/sancak_interfaces/package.ps1'
[1.406s] INFO:colcon.colcon_core.shell:Creating package descriptor '/home/tunahan/sancak_ws/install/sancak_interfaces/share/sancak_interfaces/package.dsv'
[1.406s] INFO:colcon.colcon_core.shell:Creating package script '/home/tunahan/sancak_ws/install/sancak_interfaces/share/sancak_interfaces/package.sh'
[1.407s] INFO:colcon.colcon_core.shell:Creating package script '/home/tunahan/sancak_ws/install/sancak_interfaces/share/sancak_interfaces/package.bash'
[1.407s] INFO:colcon.colcon_core.shell:Creating package script '/home/tunahan/sancak_ws/install/sancak_interfaces/share/sancak_interfaces/package.zsh'
[1.407s] Level 1:colcon.colcon_core.environment:create_file_with_runtime_dependencies(/home/tunahan/sancak_ws/install/sancak_interfaces/share/colcon-core/packages/sancak_interfaces)
[1.478s] DEBUG:colcon.colcon_core.task.python.build:Available setuptools commands: install_headers, init_catalog, bdist_egg, symlink_data, sdist, rotate, install, dist_info, easy_install, alias, bdist_rpm, upload_docs, upload, build_ext, install_scripts, bdist_dumb, check, install_egg_info, install_lib, extract_messages, bdist_wheel, update_catalog, compile_catalog, editable_wheel, register, build, test, develop, saveopts, bdist, build_scripts, clean, install_data, build_clib, build_py, egg_info, setopt
[1.479s] DEBUG:colcon.colcon_core.task.python.build:Available setuptools commands: install_headers, init_catalog, bdist_egg, symlink_data, sdist, rotate, install, dist_info, easy_install, alias, bdist_rpm, upload_docs, upload, build_ext, install_scripts, bdist_dumb, check, install_egg_info, install_lib, extract_messages, bdist_wheel, update_catalog, compile_catalog, editable_wheel, register, build, test, develop, saveopts, bdist, build_scripts, clean, install_data, build_clib, build_py, egg_info, setopt
[1.480s] DEBUG:colcon.colcon_core.event_handler.log_command:Invoking command in '/home/tunahan/sancak_ws/src/sancak_bringup': DEBUGINFOD_URLS=https://debuginfod.ubuntu.com PYTHONPATH=/home/tunahan/sancak_ws/build/sancak_bringup/prefix_override:/usr/lib/python3/dist-packages/colcon_core/task/python/colcon_distutils_commands:/home/tunahan/sancak_ws/install/sancak_bringup/lib/python3.12/site-packages:${PYTHONPATH} /usr/bin/python3 -W ignore:setup.py install is deprecated -W ignore:easy_install command is deprecated setup.py egg_info --egg-base ../../build/sancak_bringup build --build-base /home/tunahan/sancak_ws/build/sancak_bringup/build install --record /home/tunahan/sancak_ws/build/sancak_bringup/install.log --install-scripts $base/lib/sancak_bringup --single-version-externally-managed install_data
[1.482s] DEBUG:colcon.colcon_core.event_handler.log_command:Invoking command in '/home/tunahan/sancak_ws/src/sancak_simulation': DEBUGINFOD_URLS=https://debuginfod.ubuntu.com PYTHONPATH=/home/tunahan/sancak_ws/build/sancak_simulation/prefix_override:/usr/lib/python3/dist-packages/colcon_core/task/python/colcon_distutils_commands:/home/tunahan/sancak_ws/install/sancak_simulation/lib/python3.12/site-packages:${PYTHONPATH} /usr/bin/python3 -W ignore:setup.py install is deprecated -W ignore:easy_install command is deprecated setup.py egg_info --egg-base ../../build/sancak_simulation build --build-base /home/tunahan/sancak_ws/build/sancak_simulation/build install --record /home/tunahan/sancak_ws/build/sancak_simulation/install.log --install-scripts $base/lib/sancak_simulation --single-version-externally-managed install_data
[1.836s] Level 1:colcon.colcon_core.environment:checking '/home/tunahan/sancak_ws/install/sancak_simulation' for CMake module files
[1.837s] Level 1:colcon.colcon_core.environment:checking '/home/tunahan/sancak_ws/install/sancak_simulation' for CMake config files
[1.837s] DEBUG:colcon.colcon_core.event_handler.log_command:Invoked command in '/home/tunahan/sancak_ws/src/sancak_simulation' returned '0': DEBUGINFOD_URLS=https://debuginfod.ubuntu.com PYTHONPATH=/home/tunahan/sancak_ws/build/sancak_simulation/prefix_override:/usr/lib/python3/dist-packages/colcon_core/task/python/colcon_distutils_commands:/home/tunahan/sancak_ws/install/sancak_simulation/lib/python3.12/site-packages:${PYTHONPATH} /usr/bin/python3 -W ignore:setup.py install is deprecated -W ignore:easy_install command is deprecated setup.py egg_info --egg-base ../../build/sancak_simulation build --build-base /home/tunahan/sancak_ws/build/sancak_simulation/build install --record /home/tunahan/sancak_ws/build/sancak_simulation/install.log --install-scripts $base/lib/sancak_simulation --single-version-externally-managed install_data
[1.837s] Level 1:colcon.colcon_core.environment:checking '/home/tunahan/sancak_ws/install/sancak_simulation/lib'
[1.838s] Level 1:colcon.colcon_core.environment:checking '/home/tunahan/sancak_ws/install/sancak_simulation/bin'
[1.838s] Level 1:colcon.colcon_core.environment:checking '/home/tunahan/sancak_ws/install/sancak_simulation/lib/pkgconfig/sancak_simulation.pc'
[1.838s] Level 1:colcon.colcon_core.environment:checking '/home/tunahan/sancak_ws/install/sancak_simulation/lib/python3.12/site-packages'
[1.838s] Level 1:colcon.colcon_core.shell:create_environment_hook('sancak_simulation', 'pythonpath')
[1.838s] INFO:colcon.colcon_core.shell:Creating environment hook '/home/tunahan/sancak_ws/install/sancak_simulation/share/sancak_simulation/hook/pythonpath.ps1'
[1.839s] INFO:colcon.colcon_core.shell:Creating environment descriptor '/home/tunahan/sancak_ws/install/sancak_simulation/share/sancak_simulation/hook/pythonpath.dsv'
[1.839s] INFO:colcon.colcon_core.shell:Creating environment hook '/home/tunahan/sancak_ws/install/sancak_simulation/share/sancak_simulation/hook/pythonpath.sh'
[1.839s] Level 1:colcon.colcon_core.environment:checking '/home/tunahan/sancak_ws/install/sancak_simulation/bin'
[1.839s] Level 1:colcon.colcon_core.environment:create_environment_scripts_only(sancak_simulation)
[1.839s] INFO:colcon.colcon_core.shell:Creating package script '/home/tunahan/sancak_ws/install/sancak_simulation/share/sancak_simulation/package.ps1'
[1.840s] INFO:colcon.colcon_core.shell:Creating package descriptor '/home/tunahan/sancak_ws/install/sancak_simulation/share/sancak_simulation/package.dsv'
[1.840s] INFO:colcon.colcon_core.shell:Creating package script '/home/tunahan/sancak_ws/install/sancak_simulation/share/sancak_simulation/package.sh'
[1.841s] INFO:colcon.colcon_core.shell:Creating package script '/home/tunahan/sancak_ws/install/sancak_simulation/share/sancak_simulation/package.bash'
[1.841s] INFO:colcon.colcon_core.shell:Creating package script '/home/tunahan/sancak_ws/install/sancak_simulation/share/sancak_simulation/package.zsh'
[1.841s] Level 1:colcon.colcon_core.environment:create_file_with_runtime_dependencies(/home/tunahan/sancak_ws/install/sancak_simulation/share/colcon-core/packages/sancak_simulation)
[1.842s] Level 1:colcon.colcon_core.environment:checking '/home/tunahan/sancak_ws/install/sancak_bringup' for CMake module files
[1.843s] DEBUG:colcon.colcon_core.event_handler.log_command:Invoked command in '/home/tunahan/sancak_ws/src/sancak_bringup' returned '0': DEBUGINFOD_URLS=https://debuginfod.ubuntu.com PYTHONPATH=/home/tunahan/sancak_ws/build/sancak_bringup/prefix_override:/usr/lib/python3/dist-packages/colcon_core/task/python/colcon_distutils_commands:/home/tunahan/sancak_ws/install/sancak_bringup/lib/python3.12/site-packages:${PYTHONPATH} /usr/bin/python3 -W ignore:setup.py install is deprecated -W ignore:easy_install command is deprecated setup.py egg_info --egg-base ../../build/sancak_bringup build --build-base /home/tunahan/sancak_ws/build/sancak_bringup/build install --record /home/tunahan/sancak_ws/build/sancak_bringup/install.log --install-scripts $base/lib/sancak_bringup --single-version-externally-managed install_data
[1.843s] Level 1:colcon.colcon_core.environment:checking '/home/tunahan/sancak_ws/install/sancak_bringup' for CMake config files
[1.844s] Level 1:colcon.colcon_core.environment:checking '/home/tunahan/sancak_ws/install/sancak_bringup/lib'
[1.844s] Level 1:colcon.colcon_core.environment:checking '/home/tunahan/sancak_ws/install/sancak_bringup/bin'
[1.844s] Level 1:colcon.colcon_core.environment:checking '/home/tunahan/sancak_ws/install/sancak_bringup/lib/pkgconfig/sancak_bringup.pc'
[1.844s] Level 1:colcon.colcon_core.environment:checking '/home/tunahan/sancak_ws/install/sancak_bringup/lib/python3.12/site-packages'
[1.844s] Level 1:colcon.colcon_core.shell:create_environment_hook('sancak_bringup', 'pythonpath')
[1.844s] INFO:colcon.colcon_core.shell:Creating environment hook '/home/tunahan/sancak_ws/install/sancak_bringup/share/sancak_bringup/hook/pythonpath.ps1'
[1.845s] INFO:colcon.colcon_core.shell:Creating environment descriptor '/home/tunahan/sancak_ws/install/sancak_bringup/share/sancak_bringup/hook/pythonpath.dsv'
[1.845s] INFO:colcon.colcon_core.shell:Creating environment hook '/home/tunahan/sancak_ws/install/sancak_bringup/share/sancak_bringup/hook/pythonpath.sh'
[1.845s] Level 1:colcon.colcon_core.environment:checking '/home/tunahan/sancak_ws/install/sancak_bringup/bin'
[1.845s] Level 1:colcon.colcon_core.environment:create_environment_scripts_only(sancak_bringup)
[1.846s] INFO:colcon.colcon_core.shell:Creating package script '/home/tunahan/sancak_ws/install/sancak_bringup/share/sancak_bringup/package.ps1'
[1.846s] INFO:colcon.colcon_core.shell:Creating package descriptor '/home/tunahan/sancak_ws/install/sancak_bringup/share/sancak_bringup/package.dsv'
[1.846s] INFO:colcon.colcon_core.shell:Creating package script '/home/tunahan/sancak_ws/install/sancak_bringup/share/sancak_bringup/package.sh'
[1.846s] INFO:colcon.colcon_core.shell:Creating package script '/home/tunahan/sancak_ws/install/sancak_bringup/share/sancak_bringup/package.bash'
[1.847s] INFO:colcon.colcon_core.shell:Creating package script '/home/tunahan/sancak_ws/install/sancak_bringup/share/sancak_bringup/package.zsh'
[1.847s] Level 1:colcon.colcon_core.environment:create_file_with_runtime_dependencies(/home/tunahan/sancak_ws/install/sancak_bringup/share/colcon-core/packages/sancak_bringup)
[1.847s] DEBUG:colcon.colcon_parallel_executor.executor.parallel:closing loop
[1.848s] DEBUG:colcon.colcon_parallel_executor.executor.parallel:loop closed
[1.848s] DEBUG:colcon.colcon_parallel_executor.executor.parallel:run_until_complete finished with '0'
[1.848s] DEBUG:colcon.colcon_core.event_reactor:joining thread
[1.860s] INFO:colcon.colcon_core.plugin_system:Skipping extension 'colcon_notification.desktop_notification.terminal_notifier': Not used on non-Darwin systems
[1.860s] INFO:colcon.colcon_core.plugin_system:Skipping extension 'colcon_notification.desktop_notification.win32': Not used on non-Windows systems
[1.860s] INFO:colcon.colcon_notification.desktop_notification:Sending desktop notification using 'notify2'
[1.882s] DEBUG:colcon.colcon_core.event_reactor:joined thread
[1.882s] INFO:colcon.colcon_core.shell:Creating prefix script '/home/tunahan/sancak_ws/install/local_setup.ps1'
[1.884s] INFO:colcon.colcon_core.shell:Creating prefix util module '/home/tunahan/sancak_ws/install/_local_setup_util_ps1.py'
[1.885s] INFO:colcon.colcon_core.shell:Creating prefix chain script '/home/tunahan/sancak_ws/install/setup.ps1'
[1.886s] INFO:colcon.colcon_core.shell:Creating prefix script '/home/tunahan/sancak_ws/install/local_setup.sh'
[1.887s] INFO:colcon.colcon_core.shell:Creating prefix util module '/home/tunahan/sancak_ws/install/_local_setup_util_sh.py'
[1.887s] INFO:colcon.colcon_core.shell:Creating prefix chain script '/home/tunahan/sancak_ws/install/setup.sh'
[1.888s] INFO:colcon.colcon_core.shell:Creating prefix script '/home/tunahan/sancak_ws/install/local_setup.bash'
[1.889s] INFO:colcon.colcon_core.shell:Creating prefix chain script '/home/tunahan/sancak_ws/install/setup.bash'
[1.890s] INFO:colcon.colcon_core.shell:Creating prefix script '/home/tunahan/sancak_ws/install/local_setup.zsh'
[1.891s] INFO:colcon.colcon_core.shell:Creating prefix chain script '/home/tunahan/sancak_ws/install/setup.zsh'
