running egg_info
creating ../../build/sancak_bringup/sancak_bringup.egg-info
writing ../../build/sancak_bringup/sancak_bringup.egg-info/PKG-INFO
writing dependency_links to ../../build/sancak_bringup/sancak_bringup.egg-info/dependency_links.txt
writing requirements to ../../build/sancak_bringup/sancak_bringup.egg-info/requires.txt
writing top-level names to ../../build/sancak_bringup/sancak_bringup.egg-info/top_level.txt
writing manifest file '../../build/sancak_bringup/sancak_bringup.egg-info/SOURCES.txt'
reading manifest file '../../build/sancak_bringup/sancak_bringup.egg-info/SOURCES.txt'
writing manifest file '../../build/sancak_bringup/sancak_bringup.egg-info/SOURCES.txt'
running build
running build_py
creating /home/tunahan/sancak_ws/build/sancak_bringup/build
creating /home/tunahan/sancak_ws/build/sancak_bringup/build/lib
creating /home/tunahan/sancak_ws/build/sancak_bringup/build/lib/sancak_bringup
copying sancak_bringup/__init__.py -> /home/tunahan/sancak_ws/build/sancak_bringup/build/lib/sancak_bringup
running install
running install_lib
creating /home/tunahan/sancak_ws/install/sancak_bringup/lib/python3.12/site-packages/sancak_bringup
copying /home/tunahan/sancak_ws/build/sancak_bringup/build/lib/sancak_bringup/__init__.py -> /home/tunahan/sancak_ws/install/sancak_bringup/lib/python3.12/site-packages/sancak_bringup
byte-compiling /home/tunahan/sancak_ws/install/sancak_bringup/lib/python3.12/site-packages/sancak_bringup/__init__.py to __init__.cpython-312.pyc
running install_data
creating /home/tunahan/sancak_ws/install/sancak_bringup/share/ament_index
creating /home/tunahan/sancak_ws/install/sancak_bringup/share/ament_index/resource_index
creating /home/tunahan/sancak_ws/install/sancak_bringup/share/ament_index/resource_index/packages
copying resource/sancak_bringup -> /home/tunahan/sancak_ws/install/sancak_bringup/share/ament_index/resource_index/packages
copying package.xml -> /home/tunahan/sancak_ws/install/sancak_bringup/share/sancak_bringup
running install_egg_info
Copying ../../build/sancak_bringup/sancak_bringup.egg-info to /home/tunahan/sancak_ws/install/sancak_bringup/lib/python3.12/site-packages/sancak_bringup-0.0.0-py3.12.egg-info
running install_scripts
writing list of installed files to '/home/tunahan/sancak_ws/build/sancak_bringup/install.log'
