[1.094s] Invoking command in '/home/tunahan/sancak_ws/src/sancak_bringup': DEBUGINFOD_URLS=https://debuginfod.ubuntu.com PYTHONPATH=/home/tunahan/sancak_ws/build/sancak_bringup/prefix_override:/usr/lib/python3/dist-packages/colcon_core/task/python/colcon_distutils_commands:/home/tunahan/sancak_ws/install/sancak_bringup/lib/python3.12/site-packages:${PYTHONPATH} /usr/bin/python3 -W ignore:setup.py install is deprecated -W ignore:easy_install command is deprecated setup.py egg_info --egg-base ../../build/sancak_bringup build --build-base /home/tunahan/sancak_ws/build/sancak_bringup/build install --record /home/tunahan/sancak_ws/build/sancak_bringup/install.log --install-scripts $base/lib/sancak_bringup --single-version-externally-managed install_data
[1.272s] running egg_info
[1.272s] creating ../../build/sancak_bringup/sancak_bringup.egg-info
[1.284s] writing ../../build/sancak_bringup/sancak_bringup.egg-info/PKG-INFO
[1.284s] writing dependency_links to ../../build/sancak_bringup/sancak_bringup.egg-info/dependency_links.txt
[1.284s] writing requirements to ../../build/sancak_bringup/sancak_bringup.egg-info/requires.txt
[1.284s] writing top-level names to ../../build/sancak_bringup/sancak_bringup.egg-info/top_level.txt
[1.284s] writing manifest file '../../build/sancak_bringup/sancak_bringup.egg-info/SOURCES.txt'
[1.309s] reading manifest file '../../build/sancak_bringup/sancak_bringup.egg-info/SOURCES.txt'
[1.310s] writing manifest file '../../build/sancak_bringup/sancak_bringup.egg-info/SOURCES.txt'
[1.310s] running build
[1.310s] running build_py
[1.310s] creating /home/tunahan/sancak_ws/build/sancak_bringup/build
[1.311s] creating /home/tunahan/sancak_ws/build/sancak_bringup/build/lib
[1.311s] creating /home/tunahan/sancak_ws/build/sancak_bringup/build/lib/sancak_bringup
[1.311s] copying sancak_bringup/__init__.py -> /home/tunahan/sancak_ws/build/sancak_bringup/build/lib/sancak_bringup
[1.311s] running install
[1.315s] running install_lib
[1.327s] creating /home/tunahan/sancak_ws/install/sancak_bringup/lib/python3.12/site-packages/sancak_bringup
[1.327s] copying /home/tunahan/sancak_ws/build/sancak_bringup/build/lib/sancak_bringup/__init__.py -> /home/tunahan/sancak_ws/install/sancak_bringup/lib/python3.12/site-packages/sancak_bringup
[1.328s] byte-compiling /home/tunahan/sancak_ws/install/sancak_bringup/lib/python3.12/site-packages/sancak_bringup/__init__.py to __init__.cpython-312.pyc
[1.328s] running install_data
[1.328s] creating /home/tunahan/sancak_ws/install/sancak_bringup/share/ament_index
[1.329s] creating /home/tunahan/sancak_ws/install/sancak_bringup/share/ament_index/resource_index
[1.329s] creating /home/tunahan/sancak_ws/install/sancak_bringup/share/ament_index/resource_index/packages
[1.330s] copying resource/sancak_bringup -> /home/tunahan/sancak_ws/install/sancak_bringup/share/ament_index/resource_index/packages
[1.330s] copying package.xml -> /home/tunahan/sancak_ws/install/sancak_bringup/share/sancak_bringup
[1.330s] running install_egg_info
[1.342s] Copying ../../build/sancak_bringup/sancak_bringup.egg-info to /home/tunahan/sancak_ws/install/sancak_bringup/lib/python3.12/site-packages/sancak_bringup-0.0.0-py3.12.egg-info
[1.343s] running install_scripts
[1.432s] writing list of installed files to '/home/tunahan/sancak_ws/build/sancak_bringup/install.log'
[1.456s] Invoked command in '/home/tunahan/sancak_ws/src/sancak_bringup' returned '0': DEBUGINFOD_URLS=https://debuginfod.ubuntu.com PYTHONPATH=/home/tunahan/sancak_ws/build/sancak_bringup/prefix_override:/usr/lib/python3/dist-packages/colcon_core/task/python/colcon_distutils_commands:/home/tunahan/sancak_ws/install/sancak_bringup/lib/python3.12/site-packages:${PYTHONPATH} /usr/bin/python3 -W ignore:setup.py install is deprecated -W ignore:easy_install command is deprecated setup.py egg_info --egg-base ../../build/sancak_bringup build --build-base /home/tunahan/sancak_ws/build/sancak_bringup/build install --record /home/tunahan/sancak_ws/build/sancak_bringup/install.log --install-scripts $base/lib/sancak_bringup --single-version-externally-managed install_data
