[0.161s] Invoking command in '/home/tunahan/sancak_ws/build/sancak_interfaces': CMAKE_PREFIX_PATH=${CMAKE_PREFIX_PATH}:/opt/ros/jazzy DEBUGINFOD_URLS=https://debuginfod.ubuntu.com /usr/bin/cmake /home/tunahan/sancak_ws/src/sancak_interfaces -DCMAKE_INSTALL_PREFIX=/home/tunahan/sancak_ws/install/sancak_interfaces
[0.280s] -- The C compiler identification is GNU 13.3.0
[0.369s] -- The CXX compiler identification is GNU 13.3.0
[0.384s] -- Detecting C compiler ABI info
[0.467s] -- Detecting C compiler ABI info - done
[0.475s] -- Check for working C compiler: /usr/bin/cc - skipped
[0.475s] -- Detecting C compile features
[0.475s] -- Detecting C compile features - done
[0.484s] -- Detecting CXX compiler ABI info
[0.571s] -- Detecting CXX compiler ABI info - done
[0.578s] -- Check for working CXX compiler: /usr/bin/c++ - skipped
[0.578s] -- Detecting CXX compile features
[0.578s] -- Detecting CXX compile features - done
[0.581s] -- Found ament_cmake: 2.5.6 (/opt/ros/jazzy/share/ament_cmake/cmake)
[0.707s] -- Found Python3: /usr/bin/python3 (found version "3.12.3") found components: Interpreter 
[0.817s] -- Found ament_lint_auto: 0.17.5 (/opt/ros/jazzy/share/ament_lint_auto/cmake)
[0.918s] -- Added test 'lint_cmake' to check CMake code style
[0.919s] -- Added test 'xmllint' to check XML markup files
[0.921s] -- Configuring done (0.7s)
[0.924s] -- Generating done (0.0s)
[0.925s] -- Build files have been written to: /home/tunahan/sancak_ws/build/sancak_interfaces
[0.931s] Invoked command in '/home/tunahan/sancak_ws/build/sancak_interfaces' returned '0': CMAKE_PREFIX_PATH=${CMAKE_PREFIX_PATH}:/opt/ros/jazzy DEBUGINFOD_URLS=https://debuginfod.ubuntu.com /usr/bin/cmake /home/tunahan/sancak_ws/src/sancak_interfaces -DCMAKE_INSTALL_PREFIX=/home/tunahan/sancak_ws/install/sancak_interfaces
[0.932s] Invoking command in '/home/tunahan/sancak_ws/build/sancak_interfaces': CMAKE_PREFIX_PATH=${CMAKE_PREFIX_PATH}:/opt/ros/jazzy DEBUGINFOD_URLS=https://debuginfod.ubuntu.com /usr/bin/cmake --build /home/tunahan/sancak_ws/build/sancak_interfaces -- -j16 -l16
[0.968s] Invoked command in '/home/tunahan/sancak_ws/build/sancak_interfaces' returned '0': CMAKE_PREFIX_PATH=${CMAKE_PREFIX_PATH}:/opt/ros/jazzy DEBUGINFOD_URLS=https://debuginfod.ubuntu.com /usr/bin/cmake --build /home/tunahan/sancak_ws/build/sancak_interfaces -- -j16 -l16
[0.978s] Invoking command in '/home/tunahan/sancak_ws/build/sancak_interfaces': CMAKE_PREFIX_PATH=${CMAKE_PREFIX_PATH}:/opt/ros/jazzy DEBUGINFOD_URLS=https://debuginfod.ubuntu.com /usr/bin/cmake --install /home/tunahan/sancak_ws/build/sancak_interfaces
[0.985s] -- Install configuration: ""
[0.985s] -- Installing: /home/tunahan/sancak_ws/install/sancak_interfaces/share/ament_index/resource_index/package_run_dependencies/sancak_interfaces
[0.985s] -- Installing: /home/tunahan/sancak_ws/install/sancak_interfaces/share/ament_index/resource_index/parent_prefix_path/sancak_interfaces
[0.986s] -- Installing: /home/tunahan/sancak_ws/install/sancak_interfaces/share/sancak_interfaces/environment/ament_prefix_path.sh
[0.986s] -- Installing: /home/tunahan/sancak_ws/install/sancak_interfaces/share/sancak_interfaces/environment/ament_prefix_path.dsv
[0.986s] -- Installing: /home/tunahan/sancak_ws/install/sancak_interfaces/share/sancak_interfaces/environment/path.sh
[0.986s] -- Installing: /home/tunahan/sancak_ws/install/sancak_interfaces/share/sancak_interfaces/environment/path.dsv
[0.986s] -- Installing: /home/tunahan/sancak_ws/install/sancak_interfaces/share/sancak_interfaces/local_setup.bash
[0.986s] -- Installing: /home/tunahan/sancak_ws/install/sancak_interfaces/share/sancak_interfaces/local_setup.sh
[0.987s] -- Installing: /home/tunahan/sancak_ws/install/sancak_interfaces/share/sancak_interfaces/local_setup.zsh
[0.987s] -- Installing: /home/tunahan/sancak_ws/install/sancak_interfaces/share/sancak_interfaces/local_setup.dsv
[0.987s] -- Installing: /home/tunahan/sancak_ws/install/sancak_interfaces/share/sancak_interfaces/package.dsv
[0.987s] -- Installing: /home/tunahan/sancak_ws/install/sancak_interfaces/share/ament_index/resource_index/packages/sancak_interfaces
[0.987s] -- Installing: /home/tunahan/sancak_ws/install/sancak_interfaces/share/sancak_interfaces/cmake/sancak_interfacesConfig.cmake
[0.987s] -- Installing: /home/tunahan/sancak_ws/install/sancak_interfaces/share/sancak_interfaces/cmake/sancak_interfacesConfig-version.cmake
[0.987s] -- Installing: /home/tunahan/sancak_ws/install/sancak_interfaces/share/sancak_interfaces/package.xml
[0.988s] Invoked command in '/home/tunahan/sancak_ws/build/sancak_interfaces' returned '0': CMAKE_PREFIX_PATH=${CMAKE_PREFIX_PATH}:/opt/ros/jazzy DEBUGINFOD_URLS=https://debuginfod.ubuntu.com /usr/bin/cmake --install /home/tunahan/sancak_ws/build/sancak_interfaces
